✨ devenv 2.2.2 is out of date. Please update to 2.4.0: https://devenv.sh/getting-started/#installation
    _    _                   
   / \  | |__  _   _ ___ ___ 
  / _ \ | '_ \| | | / __/ __|
 / ___ \| |_) | |_| \__ \__ \
/_/   \_\_.__/ \__, |___/___/
               |___/         
Compiling 3 files (.ex)
Generated abyss app
Cover compiling modules ...
Running ExUnit with seed: 398313, max_cases: 16
Excluding tags: [integration: true, slow: true]

.......
01:15:38.593 [info] The function passed as a handler with ID "test-handler" is a local function.
This means that it is either an anonymous function or a capture of a function without a module specified. That may cause a performance penalty when calling that handler. For more details see the note in `telemetry:attach/4` documentation.

https://hexdocs.pm/telemetry/telemetry.html#attach/4
.........................................
01:15:38.704 [info] The function passed as a handler with ID "test-handler" is a local function.
This means that it is either an anonymous function or a capture of a function without a module specified. That may cause a performance penalty when calling that handler. For more details see the note in `telemetry:attach/4` documentation.

https://hexdocs.pm/telemetry/telemetry.html#attach/4
.....
01:15:38.805 [info] The function passed as a handler with ID "test-handler" is a local function.
This means that it is either an anonymous function or a capture of a function without a module specified. That may cause a performance penalty when calling that handler. For more details see the note in `telemetry:attach/4` documentation.

https://hexdocs.pm/telemetry/telemetry.html#attach/4
.................
01:15:38.954 [info] The function passed as a handler with ID :test_response_time_handler is a local function.
This means that it is either an anonymous function or a capture of a function without a module specified. That may cause a performance penalty when calling that handler. For more details see the note in `telemetry:attach/4` documentation.

https://hexdocs.pm/telemetry/telemetry.html#attach/4
..........................................................
Finished in 1.7 seconds (0.4s async, 1.3s sync)
131 tests, 0 failures, 3 excluded

Exporting cover results ...

Run "mix test.coverage" once all exports complete
