==> earmark_parser
Compiling 3 files (.erl)
Compiling 32 files (.ex)
Generated earmark_parser app
==> file_system
Compiling 7 files (.ex)
Generated file_system app
==> mime
Compiling 1 file (.ex)
Generated mime app
==> bunt
Compiling 2 files (.ex)
Generated bunt app
==> jason
Compiling 10 files (.ex)
Generated jason app
==> rustler
Compiling 7 files (.ex)
Generated rustler app
==> erlex
Compiling 2 files (.erl)
Compiling 2 files (.ex)
Generated erlex app
==> machete
Compiling 43 files (.ex)
Generated machete app
==> nimble_parsec
Compiling 4 files (.ex)
Generated nimble_parsec app
==> makeup
Compiling 15 files (.ex)
Generated makeup app
==> makeup_elixir
Compiling 6 files (.ex)
Generated makeup_elixir app
==> makeup_erlang
Compiling 4 files (.ex)
Compiling lib/makeup/lexers/erlang_lexer.ex (it's taking more than 10s)
Generated makeup_erlang app
==> ex_doc
Compiling 30 files (.ex)
Generated ex_doc app
==> telemetry_metrics
Compiling 7 files (.ex)
Generated telemetry_metrics app
==> tesla
Compiling 57 files (.ex)
Generated tesla app
==> ex_dns
Compiling 71 files (.ex)
Generated ex_dns app
==> dialyxir
Compiling 70 files (.ex)
Generated dialyxir app
==> dhcp_ex
Compiling 12 files (.ex)
Generated dhcp_ex app
==> credo
Compiling 257 files (.ex)
Generated credo app
==> abyss
Compiling 28 files (.ex)
Compiling crate dhcp_socket in release mode (native/dhcp_socket)
Copying /home/gao/Workspace/gsmlg-dev/abyss/native/dhcp_socket/target/release/libdhcp_socket.so to priv/native/dhcp_socket.so
Generated abyss app
