$ mix credo lib/abyss/listener.ex --strict
Checking 1 source file ...

Please report incorrect results: https://github.com/rrrene/credo/issues

Analysis took 0.2 seconds (0.05s to load, 0.1s running 69 checks on 1 file)
75 mods/funs, found no issues.

Use `mix credo explain` to explain issues, `mix credo --help` for options.
EXIT_STATUS 0
$ mix credo lib/abyss/listener_starter.ex --strict
Checking 1 source file ...

Please report incorrect results: https://github.com/rrrene/credo/issues

Analysis took 0.06 seconds (0.02s to load, 0.04s running 69 checks on 1 file)
7 mods/funs, found no issues.

Use `mix credo explain` to explain issues, `mix credo --help` for options.
EXIT_STATUS 0
$ mix credo lib/abyss/udp_admission.ex --strict
Checking 1 source file ...

Please report incorrect results: https://github.com/rrrene/credo/issues

Analysis took 0.1 seconds (0.05s to load, 0.05s running 69 checks on 1 file)
12 mods/funs, found no issues.

Use `mix credo explain` to explain issues, `mix credo --help` for options.
EXIT_STATUS 0
$ mix credo lib/abyss/server_config.ex --strict
Checking 1 source file ...

Please report incorrect results: https://github.com/rrrene/credo/issues

Analysis took 0.08 seconds (0.02s to load, 0.06s running 69 checks on 1 file)
15 mods/funs, found no issues.

Use `mix credo explain` to explain issues, `mix credo --help` for options.
EXIT_STATUS 0
$ mix credo lib/abyss/client.ex --strict
Checking 1 source file ...

Please report incorrect results: https://github.com/rrrene/credo/issues

Analysis took 0.1 seconds (0.03s to load, 0.09s running 69 checks on 1 file)
69 mods/funs, found no issues.

Use `mix credo explain` to explain issues, `mix credo --help` for options.
EXIT_STATUS 0
$ mix credo lib/abyss/transport/udp/core.ex --strict
Checking 1 source file ...

Please report incorrect results: https://github.com/rrrene/credo/issues

Analysis took 0.1 seconds (0.02s to load, 0.09s running 69 checks on 1 file)
69 mods/funs, found no issues.

Use `mix credo explain` to explain issues, `mix credo --help` for options.
EXIT_STATUS 0
$ mix credo lib/abyss/transport/udp/multicast.ex --strict
Checking 1 source file ...

Please report incorrect results: https://github.com/rrrene/credo/issues

Analysis took 0.07 seconds (0.02s to load, 0.05s running 69 checks on 1 file)
27 mods/funs, found no issues.

Use `mix credo explain` to explain issues, `mix credo --help` for options.
EXIT_STATUS 0
