Compiling 3 files (.ex)
Generated abyss app
Running ExUnit with seed: 852695, max_cases: 16
Excluding tags: [integration: true, slow: true]

................
01:06:47.023 [warning] Option :num_acceptors is deprecated. Use :num_listeners instead.
.........
01:06:47.025 [warning] Option :num_acceptors is deprecated. Use :num_listeners instead.
........
01:06:47.209 [error] GenServer #PID<0.362.0> terminating
** (stop) killed
Last message: {:EXIT, #PID<0.360.0>, :killed}
State: %{owner: #PID<0.360.0>, socket: #Port<0.13>, queue: {[], []}, transport: Abyss.Transport.UDP, max_queue: 128, max_bytes: 1048576, admission: #PID<0.361.0>, generation: #Reference<0.2637269239.2830893060.100153>, owner_monitor: #Reference<0.2637269239.2830893060.100162>, queue_bytes: 0, sending: false, owns_admission: false}

01:06:47.206 [error] GenServer #PID<0.352.0> terminating
** (stop) killed
Last message: {:EXIT, #PID<0.350.0>, :killed}
State: %{owner: #PID<0.350.0>, socket: #Port<0.11>, queue: {[], []}, transport: Abyss.Transport.UDP, max_queue: 128, max_bytes: 1048576, admission: #PID<0.351.0>, generation: #Reference<0.2637269239.2830893058.99667>, owner_monitor: #Reference<0.2637269239.2830893058.99684>, queue_bytes: 0, sending: false, owns_admission: false}
.....
01:06:47.376 [info] The function passed as a handler with ID "start-deadline-#PID<0.435.0>" is a local function.
This means that it is either an anonymous function or a capture of a function without a module specified. That may cause a performance penalty when calling that handler. For more details see the note in `telemetry:attach/4` documentation.

https://hexdocs.pm/telemetry/telemetry.html#attach/4
.....
Finished in 0.8 seconds (0.2s async, 0.5s sync)
3 doctests, 40 tests, 0 failures
