Independent consumer sources/builds: /tmp/abyss-phase1-consumers.ptdU4g
Resolving Hex dependencies...
Resolution completed in 0.066s
Unchanged:
  earmark_parser 1.4.46
  ex_doc 0.40.4
  jason 1.4.5
  makeup 1.2.2
  makeup_elixir 1.0.1
  makeup_erlang 1.1.0
  nimble_parsec 1.4.2
  rustler 0.38.0
  telemetry 1.4.2
  telemetry_metrics 1.2.0
* Getting telemetry (Hex package)
* Getting telemetry_metrics (Hex package)
* Getting rustler (Hex package)
* Getting ex_doc (Hex package)
* Getting earmark_parser (Hex package)
* Getting makeup_elixir (Hex package)
* Getting makeup_erlang (Hex package)
* Getting makeup (Hex package)
* Getting nimble_parsec (Hex package)
* Getting jason (Hex package)
Resolving Hex dependencies...
Resolution completed in 0.044s
Unchanged:
  earmark_parser 1.4.46
  elixir_quic 0.17.0
  ex_doc 0.40.4
  ex_ssl 0.17.0
  jason 1.4.5
  makeup 1.2.2
  makeup_elixir 1.0.1
  makeup_erlang 1.1.0
  nimble_parsec 1.4.2
  rustler 0.38.0
  telemetry 1.4.2
  telemetry_metrics 1.2.0
* Getting elixir_quic (Hex package)
* Getting ex_ssl (Hex package)
* Getting telemetry (Hex package)
* Getting telemetry_metrics (Hex package)
* Getting rustler (Hex package)
* Getting ex_doc (Hex package)
* Getting earmark_parser (Hex package)
* Getting makeup_elixir (Hex package)
* Getting makeup_erlang (Hex package)
* Getting makeup (Hex package)
* Getting nimble_parsec (Hex package)
* Getting jason (Hex package)
Resolving Hex dependencies...
Resolution completed in 0.126s
Unchanged:
  earmark_parser 1.4.46
  elixir_quic 0.17.0
  ex_doc 0.40.4
  ex_ssl 0.17.0
  jason 1.4.5
  makeup 1.2.2
  makeup_elixir 1.0.1
  makeup_erlang 1.1.0
  nimble_parsec 1.4.2
  rustler 0.38.0
  telemetry 1.4.2
  telemetry_metrics 1.2.0
* Getting elixir_quic (Hex package)
* Getting ex_ssl (Hex package)
* Getting telemetry (Hex package)
* Getting telemetry_metrics (Hex package)
* Getting rustler (Hex package)
* Getting ex_doc (Hex package)
* Getting earmark_parser (Hex package)
* Getting makeup_elixir (Hex package)
* Getting makeup_erlang (Hex package)
* Getting makeup (Hex package)
* Getting nimble_parsec (Hex package)
* Getting jason (Hex package)
==> earmark_parser
Compiling 2 files (.xrl)
Compiling 1 file (.yrl)
Compiling 3 files (.erl)
Compiling 32 files (.ex)
Generated earmark_parser app
==> jason
Compiling 10 files (.ex)
Generated jason app
==> ex_ssl
Compiling 58 files (.ex)
Generated ex_ssl app
==> rustler
Compiling 7 files (.ex)
Generated rustler app
==> elixir_quic
Compiling 23 files (.ex)
Generated elixir_quic app
==> nimble_parsec
Compiling 4 files (.ex)
Generated nimble_parsec app
==> makeup
Compiling 15 files (.ex)
Generated makeup app
==> makeup_elixir
Compiling 6 files (.ex)
Generated makeup_elixir app
==> makeup_erlang
Compiling 4 files (.ex)
Compiling lib/makeup/lexers/erlang_lexer.ex (it's taking more than 10s)
Generated makeup_erlang app
==> ex_doc
Compiling 30 files (.ex)
Generated ex_doc app
==> abyss_quic_echo_example
===> Analyzing applications...
===> Compiling telemetry
==> telemetry_metrics
Compiling 7 files (.ex)
Generated telemetry_metrics app
==> abyss
Compiling 28 files (.ex)
Compiling crate dhcp_socket in release mode (native/dhcp_socket)
Copying /home/gao/Workspace/gsmlg-dev/abyss/native/dhcp_socket/target/release/libdhcp_socket.so to priv/native/dhcp_socket.so
Generated abyss app
==> abyss_quic_echo_example
Compiling 2 files (.ex)
Generated abyss_quic_echo_example app
PUBLISHED_QUIC_PROVENANCE_PASS elixir_quic=0.17.0 ex_ssl=0.17.0
==> earmark_parser
Compiling 2 files (.xrl)
Compiling 1 file (.yrl)
Compiling 3 files (.erl)
Compiling 32 files (.ex)
Generated earmark_parser app
==> jason
Compiling 10 files (.ex)
Generated jason app
==> ex_ssl
Compiling 58 files (.ex)
Generated ex_ssl app
==> rustler
Compiling 7 files (.ex)
Generated rustler app
==> elixir_quic
Compiling 23 files (.ex)
Generated elixir_quic app
==> nimble_parsec
Compiling 4 files (.ex)
Generated nimble_parsec app
==> makeup
Compiling 15 files (.ex)
Generated makeup app
==> makeup_elixir
Compiling 6 files (.ex)
Generated makeup_elixir app
==> makeup_erlang
Compiling 4 files (.ex)
Compiling lib/makeup/lexers/erlang_lexer.ex (it's taking more than 10s)
Generated makeup_erlang app
==> ex_doc
Compiling 30 files (.ex)
Generated ex_doc app
==> abyss_quic_collect_example
===> Analyzing applications...
===> Compiling telemetry
==> telemetry_metrics
Compiling 7 files (.ex)
Generated telemetry_metrics app
==> abyss
Compiling 28 files (.ex)
Compiling crate dhcp_socket in release mode (native/dhcp_socket)
Copying /home/gao/Workspace/gsmlg-dev/abyss/native/dhcp_socket/target/release/libdhcp_socket.so to priv/native/dhcp_socket.so
Generated abyss app
==> abyss_quic_collect_example
Compiling 2 files (.ex)
Generated abyss_quic_collect_example app
PUBLISHED_QUIC_PROVENANCE_PASS elixir_quic=0.17.0 ex_ssl=0.17.0
==> earmark_parser
Compiling 2 files (.xrl)
Compiling 1 file (.yrl)
Compiling 3 files (.erl)
Compiling 32 files (.ex)
Generated earmark_parser app
==> jason
Compiling 10 files (.ex)
Generated jason app
==> rustler
Compiling 7 files (.ex)
Generated rustler app
==> nimble_parsec
Compiling 4 files (.ex)
Generated nimble_parsec app
==> makeup
Compiling 15 files (.ex)
Generated makeup app
==> makeup_elixir
Compiling 6 files (.ex)
Generated makeup_elixir app
==> makeup_erlang
Compiling 4 files (.ex)
Compiling lib/makeup/lexers/erlang_lexer.ex (it's taking more than 10s)
Generated makeup_erlang app
==> ex_doc
Compiling 30 files (.ex)
Generated ex_doc app
==> abyss_udp_example
===> Analyzing applications...
===> Compiling telemetry
==> telemetry_metrics
Compiling 7 files (.ex)
Generated telemetry_metrics app
==> abyss
Compiling 28 files (.ex)
Compiling crate dhcp_socket in release mode (native/dhcp_socket)
Copying /home/gao/Workspace/gsmlg-dev/abyss/native/dhcp_socket/target/release/libdhcp_socket.so to priv/native/dhcp_socket.so
Generated abyss app
==> abyss_udp_example
Compiling 1 file (.ex)
Generated abyss_udp_example app
* assembling abyss_udp_example-0.1.0 on MIX_ENV=prod
* skipping runtime configuration (config/runtime.exs not found)
* skipping elixir.bat for windows (bin/elixir.bat not found in the Elixir installation)
* skipping iex.bat for windows (bin/iex.bat not found in the Elixir installation)

Release created at _build/prod/rel/abyss_udp_example

    # To start your system
    _build/prod/rel/abyss_udp_example/bin/abyss_udp_example start

Once the release is running:

    # To connect to it remotely
    _build/prod/rel/abyss_udp_example/bin/abyss_udp_example remote

    # To stop it gracefully (you may also send SIGINT/SIGTERM)
    _build/prod/rel/abyss_udp_example/bin/abyss_udp_example stop

To list all commands:

    _build/prod/rel/abyss_udp_example/bin/abyss_udp_example

--rpc-eval : RPC failed with reason :noconnection
UDP_WITHOUT_QUIC_PASS
==> earmark_parser
Compiling 3 files (.erl)
Compiling 32 files (.ex)
Generated earmark_parser app
==> jason
Compiling 10 files (.ex)
Generated jason app
==> ex_ssl
Compiling 58 files (.ex)
Generated ex_ssl app
==> rustler
Compiling 7 files (.ex)
Generated rustler app
==> elixir_quic
Compiling 23 files (.ex)
Generated elixir_quic app
==> nimble_parsec
Compiling 4 files (.ex)
Generated nimble_parsec app
==> makeup
Compiling 15 files (.ex)
Generated makeup app
==> makeup_elixir
Compiling 6 files (.ex)
Generated makeup_elixir app
==> makeup_erlang
Compiling 4 files (.ex)
Compiling lib/makeup/lexers/erlang_lexer.ex (it's taking more than 10s)
Generated makeup_erlang app
==> ex_doc
Compiling 30 files (.ex)
Generated ex_doc app
==> abyss_quic_echo_example
===> Analyzing applications...
===> Compiling telemetry
==> telemetry_metrics
Compiling 7 files (.ex)
Generated telemetry_metrics app
==> abyss
Compiling 28 files (.ex)
Compiling crate dhcp_socket in release mode (native/dhcp_socket)
Copying /home/gao/Workspace/gsmlg-dev/abyss/native/dhcp_socket/target/release/libdhcp_socket.so to priv/native/dhcp_socket.so
Generated abyss app
==> abyss_quic_echo_example
Compiling 2 files (.ex)
Generated abyss_quic_echo_example app
* assembling abyss_quic_echo_example-0.1.0 on MIX_ENV=prod
* skipping runtime configuration (config/runtime.exs not found)
* skipping elixir.bat for windows (bin/elixir.bat not found in the Elixir installation)
* skipping iex.bat for windows (bin/iex.bat not found in the Elixir installation)

Release created at _build/prod/rel/abyss_quic_echo_example

    # To start your system
    _build/prod/rel/abyss_quic_echo_example/bin/abyss_quic_echo_example start

Once the release is running:

    # To connect to it remotely
    _build/prod/rel/abyss_quic_echo_example/bin/abyss_quic_echo_example remote

    # To stop it gracefully (you may also send SIGINT/SIGTERM)
    _build/prod/rel/abyss_quic_echo_example/bin/abyss_quic_echo_example stop

To list all commands:

    _build/prod/rel/abyss_quic_echo_example/bin/abyss_quic_echo_example

--rpc-eval : RPC failed with reason :noconnection
{"status": "PASS", "mode": "echo", "bytes": 1048576, "bidi": 5, "uni": 2, "server_single_write": 16384, "receive_after_fin": true}
{"observations": {"retry_received": 0, "retry_dropped": 0, "token_changed": false}, "scenario": "normal"}
QUIC_RELEASE_PASS
{"status": "PASS", "mode": "collect", "bytes": 1048576, "receive_after_fin": true, "digest": "c5a3e27d1ed0f894843bca3a5473c4bf0f76a19b6830a2e491292591613a12bf"}
{"observations": {"retry_received": 0, "retry_dropped": 0, "token_changed": false}, "scenario": "normal"}
OUTSIDE_CHECKOUT_COLLECT_PASS
