PASS broadcast_limited_bidirectional_two_receivers
PASS broadcast_directed_bidirectional_two_receivers
PASS ipv4_two_groups_bidirectional_two_subscribers
PASS ipv4_leave_rejoin_idempotent_epoch_barriers
PASS ipv4_two_interfaces_membership_egress_isolation
PASS ipv4_ttl_or_hoplimit_wire_ancillary
PASS ipv4_loopback_local_vs_remote_delivery
PASS ipv6_two_groups_bidirectional_two_subscribers
PASS ipv6_leave_rejoin_idempotent_epoch_barriers
PASS ipv6_two_interfaces_membership_egress_isolation
FAIL AssertionError({'payload': 'ZW1pdDpob3A2OjNlZDNlYjEwODM3YzQ3MDc4MTMzZTk1NGQwNjBhNzQ1', 'peer': ['fe80::2822:e2ff:fece:6c0a', 38742, 0, 5], 'ttl': 1})
Abyss output: WIRE OK 6
WIRE OK 7
WIRE OK 8
WIRE OK 9
WIRE OK 10
WIRE RX4 ZW1pdDplZ3Jlc3NfaW50ZXJmYWNlNDozZWQzZWIxMDgzN2M0NzA3ODEzM2U5NTRkMDYwYTc0NQ==
WIRE OK 11
WIRE OK 12
WIRE OK 13
WIRE OK 14
WIRE RX4 ZW1pdDpob3A0OjNlZDNlYjEwODM3YzQ3MDc4MTMzZTk1NGQwNjBhNzQ1
WIRE OK 15
WIRE OK 16
WIRE OK 17
WIRE OK 18
WIRE OK 19
WIRE RX6 ZW1pdDptdWx0aWNhc3Q2Omdyb3VwMDozZWQzZWIxMDgzN2M0NzA3ODEzM2U5NTRkMDYwYTc0NQ==
WIRE OK 20
WIRE RX6 ZW1pdDptdWx0aWNhc3Q2Omdyb3VwMTozZWQzZWIxMDgzN2M0NzA3ODEzM2U5NTRkMDYwYTc0NQ==
WIRE OK 21
WIRE OK 22
WIRE OK 23
WIRE OK 24
WIRE OK 25
WIRE OK 26
WIRE RX6 ZW1pdDplZ3Jlc3NfaW50ZXJmYWNlNjozZWQzZWIxMDgzN2M0NzA3ODEzM2U5NTRkMDYwYTc0NQ==
WIRE OK 27
WIRE OK 28
WIRE OK 29
WIRE OK 30
