✨ devenv 2.2.2 is out of date. Please update to 2.4.0: https://devenv.sh/getting-started/#installation
    _    _                   
   / \  | |__  _   _ ___ ___ 
  / _ \ | '_ \| | | / __/ __|
 / ___ \| |_) | |_| \__ \__ \
/_/   \_\_.__/ \__, |___/___/
               |___/         
CORE_OPEN: {nil,
 {:ok,
  {:"$inet", :gen_udp_socket,
   {#PID<0.159.0>, {:"$socket", #Reference<0.2694562559.3369205766.78669>}}}}}
NAMED: {:ok, []}
RAW: {:ok, [{{:raw, 0, 32, 4}, <<0, 0, 0, 0>>}]}
RAW: {:ok, [{{:raw, 0, 33, 4}, <<1, 0, 0, 0>>}]}
RAW: {:ok, [{{:raw, 0, 34, 4}, <<1, 0, 0, 0>>}]}
CORE_OPEN: {{:multicast_if, {127, 0, 0, 1}}, {:error, :einval}}
CORE_OPEN: {{:multicast_loop, true}, {:error, :einval}}
CORE_OPEN: {{:multicast_ttl, 1}, {:error, :einval}}
CORE_OPEN: {{:raw, 0, 32, <<127, 0, 0, 1>>},
 {:ok,
  {:"$inet", :gen_udp_socket,
   {#PID<0.163.0>, {:"$socket", #Reference<0.2694562559.3369205761.75953>}}}}}
NAMED: {:ok, []}
RAW: {:ok, [{{:raw, 0, 32, 4}, <<127, 0, 0, 1>>}]}
RAW: {:ok, [{{:raw, 0, 33, 4}, <<1, 0, 0, 0>>}]}
RAW: {:ok, [{{:raw, 0, 34, 4}, <<1, 0, 0, 0>>}]}
CORE_OPEN: {{:raw, 0, 33, <<1, 0, 0, 0>>},
 {:ok,
  {:"$inet", :gen_udp_socket,
   {#PID<0.164.0>, {:"$socket", #Reference<0.2694562559.3369205761.75984>}}}}}
NAMED: {:ok, []}
RAW: {:ok, [{{:raw, 0, 32, 4}, <<0, 0, 0, 0>>}]}
RAW: {:ok, [{{:raw, 0, 33, 4}, <<1, 0, 0, 0>>}]}
RAW: {:ok, [{{:raw, 0, 34, 4}, <<1, 0, 0, 0>>}]}
CORE_OPEN: {{:raw, 0, 34, <<1, 0, 0, 0>>},
 {:ok,
  {:"$inet", :gen_udp_socket,
   {#PID<0.165.0>, {:"$socket", #Reference<0.2694562559.3369205761.76015>}}}}}
NAMED: {:ok, []}
RAW: {:ok, [{{:raw, 0, 32, 4}, <<0, 0, 0, 0>>}]}
RAW: {:ok, [{{:raw, 0, 33, 4}, <<1, 0, 0, 0>>}]}
RAW: {:ok, [{{:raw, 0, 34, 4}, <<1, 0, 0, 0>>}]}
