Resolving Hex dependencies...
Resolution completed in 0.084s
Unchanged:
  earmark_parser 1.4.46
  elixir_quic 0.17.0
  ex_doc 0.40.4
  ex_ssl 0.17.0
  jason 1.4.5
  makeup 1.2.2
  makeup_elixir 1.0.1
  makeup_erlang 1.1.0
  nimble_parsec 1.4.2
  rustler 0.38.0
  telemetry 1.4.2
  telemetry_metrics 1.2.0
==> abyss
Compiling 19 files (.ex)
Generated abyss app
PUBLISHED_QUIC_PROVENANCE_PASS elixir_quic=0.17.0 ex_ssl=0.17.0
INVALID_TLS_STARTUP_PASS
{"status": "PASS", "mode": "collect", "bytes": 1048576, "receive_after_fin": true, "digest": "c5a3e27d1ed0f894843bca3a5473c4bf0f76a19b6830a2e491292591613a12bf"}
{"observations": {"retry_received": 0, "retry_dropped": 0, "token_changed": false}, "scenario": "normal"}
{"status": "PASS", "mode": "echo", "bytes": 1048576, "bidi": 5, "uni": 2, "server_single_write": 16384, "receive_after_fin": true}
{"observations": {"retry_received": 0, "retry_dropped": 0, "token_changed": false}, "scenario": "normal"}
{"status": "PASS", "mode": "echo", "bytes": 1048576, "bidi": 5, "uni": 2, "server_single_write": 16384, "receive_after_fin": true}
{"observations": {"retry_received": 0, "retry_dropped": 0, "token_changed": false}, "scenario": "normal"}
{"status": "PASS", "mode": "echo", "bytes": 1048576, "bidi": 5, "uni": 2, "server_single_write": 16384, "receive_after_fin": true}
{"observations": {"retry_received": 1, "retry_dropped": 0, "token_changed": false}, "scenario": "normal"}

00:46:53.865 [error] GenServer #PID<0.237.0> terminating
** (stop) {:read_failed, {:error, :invalid_operation}}
Last message: :poll
State: [data: [{~c"State", %{owner: #PID<0.196.0>, connection: %Quic.Runtime.ConnectionHandle{id: #PID<0.236.0>, generation: #Reference<0.4062766733.4169138178.67720>}, initialized: true}}]]
{"status": "PASS", "mode": "connection_close_isolation", "surviving_bytes": 1048576}
{"observations": {"retry_received": 0, "retry_dropped": 0, "token_changed": false}, "scenario": "normal"}
NETWORK_BASELINE_PASS
{"status": "PASS", "mode": "negative_handshake", "alpn": "other-alpn"}
[2440a47bfe3604d5] Error: 298, reason: unable to get local issuer certificate, frame_type: 6
{"status": "PASS", "mode": "negative_handshake", "alpn": "abyss-echo-v1"}
{"status": "PASS", "mode": "echo", "bytes": 1048576, "bidi": 5, "uni": 2, "server_single_write": 16384, "receive_after_fin": true}
{"observations": {"retry_received": 0, "retry_dropped": 0, "token_changed": false}, "scenario": "normal"}
SUSPENDED_LISTENER_WRITER_PROGRESS_PASS #Reference<0.2373914470.2559311878.191063>
{"status": "PASS", "mode": "echo", "bytes": 1048576, "bidi": 5, "uni": 2, "server_single_write": 16384, "receive_after_fin": true}
{"observations": {"retry_received": 1, "retry_dropped": 0, "token_changed": false}, "scenario": "normal"}
HOST_RETRY_EGRESS_PASS retry=1 sends=4411
NETWORK_FAULTS_PASS

00:47:22.091 [error] GenServer #PID<0.218.0> terminating
** (stop) {:event_poll_failed, {:error, :closed}}
Last message: :poll
State: [data: [{~c"State", %{owner: #PID<0.211.0>, connection: %Quic.Runtime.ConnectionHandle{id: #PID<0.217.0>, generation: #Reference<0.3739756961.3633053701.147713>}, initialized: true}}]]
{"status": "PASS", "mode": "opaque_controls", "reset": 74565, "stop": 344865, "close": 1118481}
{"observations": {"retry_received": 0, "retry_dropped": 0, "token_changed": false}, "scenario": "normal"}
CONTROL_PASS normal

00:47:27.914 [error] GenServer #PID<0.226.0> terminating
** (stop) {:event_poll_failed, {:error, :closed}}
Last message: :poll
State: [data: [{~c"State", %{owner: #PID<0.219.0>, connection: %Quic.Runtime.ConnectionHandle{id: #PID<0.225.0>, generation: #Reference<0.3739756961.3633053701.148260>}, initialized: true}}]]
{"status": "PASS", "mode": "echo", "bytes": 1048576, "bidi": 5, "uni": 2, "server_single_write": 16384, "receive_after_fin": true}
{"observations": {"retry_received": 2, "retry_dropped": 1, "token_changed": false}, "scenario": "retry_loss"}
CONTROL_PASS retry_loss
{"status": "PASS", "mode": "negative_handshake", "alpn": "abyss-test-v1"}
CONTROL_PASS invalid_token
{"status": "PASS", "mode": "negative_handshake", "alpn": "abyss-test-v1"}
CONTROL_PASS expired_token

00:47:37.077 [error] GenServer #PID<0.221.0> terminating
** (stop) {:binding_failed, {:error, :deliberate_init_failure}}
Last message: :attach
State: [data: [{~c"State", %{owner: #PID<0.212.0>, connection: %Quic.Runtime.ConnectionHandle{id: #PID<0.220.0>, generation: #Reference<0.4120791249.3363831811.183567>}, initialized: false}}]]
CONSUMER_ISOLATION_PASS fail
{"status": "PASS", "mode": "handshake_hold"}
{"observations": {"retry_received": 0, "retry_dropped": 0, "token_changed": false}, "scenario": "normal"}
CONSUMER_ISOLATION_PASS crash

00:47:37.879 [error] GenServer #PID<0.231.0> terminating
** (RuntimeError) deliberate_consumer_crash
    /home/gao/Workspace/gsmlg-dev/abyss/scripts/phase1/lifecycle.exs:11: AbyssPhase1.FailingHandler.init/3
    (abyss 0.0.0) lib/abyss/quic/service.ex:453: anonymous fn/1 in Abyss.QUIC.Worker.handle_info/2
    (abyss 0.0.0) lib/abyss/quic/service.ex:547: Abyss.QUIC.Worker.watched/3
    (stdlib 7.3.0.1) gen_server.erl:2434: :gen_server.try_handle_info/3
    (stdlib 7.3.0.1) gen_server.erl:2420: :gen_server.handle_msg/3
    (stdlib 7.3.0.1) proc_lib.erl:333: :proc_lib.init_p_do_apply/3
Last message: :attach
State: [data: [{~c"State", %{owner: #PID<0.223.0>, connection: %Quic.Runtime.ConnectionHandle{id: #PID<0.230.0>, generation: #Reference<0.4120791249.3363831809.186926>}, initialized: false}}]]
{"status": "PASS", "mode": "handshake_hold"}
{"observations": {"retry_received": 0, "retry_dropped": 0, "token_changed": false}, "scenario": "normal"}
CONSUMER_ISOLATION_PASS timeout
{"status": "PASS", "mode": "handshake_hold"}
{"observations": {"retry_received": 0, "retry_dropped": 0, "token_changed": false}, "scenario": "normal"}
{"status": "PASS", "mode": "echo", "bytes": 1048576, "bidi": 5, "uni": 2, "server_single_write": 16384, "receive_after_fin": true}
{"observations": {"retry_received": 0, "retry_dropped": 0, "token_changed": false}, "scenario": "normal"}

00:47:47.599 [error] GenServer #PID<0.250.0> terminating
** (stop) {:write_failed, {:error, :closed}}
Last message: :poll
State: [data: [{~c"State", %{owner: #PID<0.242.0>, connection: %Quic.Runtime.ConnectionHandle{id: #PID<0.249.0>, generation: #Reference<0.4120791249.3363831809.240409>}, initialized: true}}]]

00:47:47.600 [error] GenServer #PID<0.242.0> terminating
** (stop) {:host_component_down, :killed}
Last message: {:EXIT, #PID<0.244.0>, :killed}
State: [data: [{~c"State", %{local: {{127, 0, 0, 1}, 45933}, port: 0, shutdown_timeout: 1000, socket: #Port<0.14>, callbacks: %{#PID<0.250.0> => {#Reference<0.4120791249.3363831809.240542>, #Reference<0.4120791249.3363831809.240546>}}, ip: {127, 0, 0, 1}, handler: AbyssEchoExample.Handler, workers: %{#Reference<0.4120791249.3363831809.240533> => %Quic.Runtime.ConnectionHandle{id: #PID<0.249.0>, generation: #Reference<0.4120791249.3363831809.240409>}}, writer: #PID<0.244.0>, receiver: #PID<0.247.0>, generation: #Reference<0.4120791249.3363831809.240363>, alpn: ["abyss-echo-v1"], backend: Quic, endpoint: #PID<0.245.0>, init_timeout: 5000, max_connections: 128, worker_refs: %{#PID<0.250.0> => #Reference<0.4120791249.3363831809.240533>}, admission: #PID<0.243.0>, callback_timeout: 5000, quic_options: [], event_batch: 32, writer_timeout: 1000, writer_max_queue: 128, writer_max_bytes: 1048576, poll_interval: 10}}]]
{"status": "PASS", "mode": "handshake_hold"}
{"observations": {"retry_received": 0, "retry_dropped": 0, "token_changed": false}, "scenario": "normal"}

00:47:56.955 [error] GenServer #PID<0.258.0> terminating
** (stop) {:event_poll_failed, {:unknown, #Reference<0.4120791249.3363831810.196626>}}
Last message: :poll
State: [data: [{~c"State", %{owner: #PID<0.251.0>, connection: %Quic.Runtime.ConnectionHandle{id: #PID<0.257.0>, generation: #Reference<0.4120791249.3363831809.240628>}, initialized: true}}]]
{"status": "PASS", "mode": "echo", "bytes": 1048576, "bidi": 5, "uni": 2, "server_single_write": 16384, "receive_after_fin": true}
{"observations": {"retry_received": 0, "retry_dropped": 0, "token_changed": false}, "scenario": "normal"}
WRITER_DEATH_RESTART_PASS
NETWORK_LIFECYCLE_PASS
