COMMAND: mix credo lib/abyss/client.ex --strict
Checking 1 source file ...

Please report incorrect results: https://github.com/rrrene/credo/issues

Analysis took 0.1 seconds (0.03s to load, 0.1s running 69 checks on 1 file)
67 mods/funs, found no issues.

Use `mix credo explain` to explain issues, `mix credo --help` for options.
EXIT: 0
COMMAND: mix credo lib/abyss/transport/udp.ex --strict
Checking 1 source file ...

Please report incorrect results: https://github.com/rrrene/credo/issues

Analysis took 0.09 seconds (0.02s to load, 0.07s running 69 checks on 1 file)
5 mods/funs, found no issues.

Use `mix credo explain` to explain issues, `mix credo --help` for options.
EXIT: 0
COMMAND: mix credo lib/abyss/transport/udp/core.ex --strict
Checking 1 source file ...

Please report incorrect results: https://github.com/rrrene/credo/issues

Analysis took 0.1 seconds (0.02s to load, 0.08s running 69 checks on 1 file)
52 mods/funs, found no issues.

Use `mix credo explain` to explain issues, `mix credo --help` for options.
EXIT: 0
COMMAND: mix credo lib/abyss/transport/udp/multicast.ex --strict
Checking 1 source file ...

Please report incorrect results: https://github.com/rrrene/credo/issues

Analysis took 0.07 seconds (0.02s to load, 0.05s running 69 checks on 1 file)
27 mods/funs, found no issues.

Use `mix credo explain` to explain issues, `mix credo --help` for options.
EXIT: 0
COMMAND: mix credo lib/abyss/transport/udp/unicast.ex --strict
Checking 1 source file ...

Please report incorrect results: https://github.com/rrrene/credo/issues

Analysis took 0.07 seconds (0.02s to load, 0.05s running 69 checks on 1 file)
4 mods/funs, found no issues.

Use `mix credo explain` to explain issues, `mix credo --help` for options.
EXIT: 0
COMMAND: mix credo lib/abyss/transport/udp/broadcast.ex --strict
Checking 1 source file ...

Please report incorrect results: https://github.com/rrrene/credo/issues

Analysis took 0.07 seconds (0.02s to load, 0.05s running 69 checks on 1 file)
4 mods/funs, found no issues.

Use `mix credo explain` to explain issues, `mix credo --help` for options.
EXIT: 0
