==> earmark_parser
Compiling 2 files (.xrl)
Compiling 1 file (.yrl)
Compiling 3 files (.erl)
Compiling 32 files (.ex)
Generated earmark_parser app
==> jason
Compiling 10 files (.ex)
Generated jason app
==> ex_ssl
Compiling 58 files (.ex)
Generated ex_ssl app
==> rustler
Compiling 7 files (.ex)
Generated rustler app
==> nimble_parsec
Compiling 4 files (.ex)
Generated nimble_parsec app
==> makeup
Compiling 15 files (.ex)
Generated makeup app
==> makeup_elixir
Compiling 6 files (.ex)
Generated makeup_elixir app
==> makeup_erlang
Compiling 4 files (.ex)
Compiling lib/makeup/lexers/erlang_lexer.ex (it's taking more than 10s)
Generated makeup_erlang app
==> ex_doc
Compiling 30 files (.ex)
Generated ex_doc app
==> abyss_quic_collect_example
===> Analyzing applications...
===> Compiling telemetry
==> telemetry_metrics
Compiling 7 files (.ex)
Generated telemetry_metrics app
==> abyss
Compiling 25 files (.ex)
Compiling crate dhcp_socket in release mode (native/dhcp_socket)
Copying /home/gao/Workspace/gsmlg-dev/abyss/native/dhcp_socket/target/release/libdhcp_socket.so to priv/native/dhcp_socket.so
Generated abyss app
==> ex_quic
Compiling 24 files (.ex)
Generated ex_quic app
==> abyss_quic_collect_example
Compiling 2 files (.ex)
Generated abyss_quic_collect_example app
INDEPENDENT_COLLECT_START_PASS 53554
