Resolving Hex dependencies...
Resolution completed in 0.097s
Unchanged:
  earmark_parser 1.4.46
  elixir_quic 0.2.2
  ex_doc 0.40.4
  ex_ssl 0.7.2
  jason 1.4.5
  makeup 1.2.2
  makeup_elixir 1.0.1
  makeup_erlang 1.1.0
  nimble_parsec 1.4.2
  rustler 0.38.0
  telemetry 1.4.2
  telemetry_metrics 1.2.0
[33mA new Hex version is available (2.4.0 < 2.5.1), please update with `mix local.hex`[0m
PUBLISHED_QUIC_PROVENANCE_PASS elixir_quic=0.2.2 ex_ssl=0.7.2
INVALID_TLS_STARTUP_PASS

11:44:52.501 [error] GenServer #PID<0.227.0> terminating
** (stop) {:event_poll_failed, {:unknown, #Reference<0.568639229.2531786755.34996>}}
Last message: :poll
State: [data: [{~c"State", %{owner: #PID<0.196.0>, connection: %Quic.Runtime.ConnectionHandle{id: #PID<0.224.0>, generation: #Reference<0.568639229.2531524611.239084>}, initialized: true}}]]
{"status": "PASS", "mode": "echo", "bytes": 1048576, "bidi": 5, "uni": 2, "server_single_write": 16384, "receive_after_fin": true}
{"observations": {"retry_received": 0, "retry_dropped": 0, "token_changed": false}, "scenario": "normal"}
{"status": "PASS", "mode": "collect", "bytes": 1048576, "receive_after_fin": true, "digest": "c5a3e27d1ed0f894843bca3a5473c4bf0f76a19b6830a2e491292591613a12bf"}
{"observations": {"retry_received": 0, "retry_dropped": 0, "token_changed": false}, "scenario": "normal"}
{"status": "PASS", "mode": "echo", "bytes": 1048576, "bidi": 5, "uni": 2, "server_single_write": 16384, "receive_after_fin": true}
{"observations": {"retry_received": 0, "retry_dropped": 0, "token_changed": false}, "scenario": "normal"}
{"status": "PASS", "mode": "echo", "bytes": 1048576, "bidi": 5, "uni": 2, "server_single_write": 16384, "receive_after_fin": true}
{"observations": {"retry_received": 1, "retry_dropped": 0, "token_changed": false}, "scenario": "normal"}

11:44:58.268 [error] GenServer #PID<0.237.0> terminating
** (stop) {:read_failed, {:error, :invalid_operation}}
Last message: :poll
State: [data: [{~c"State", %{owner: #PID<0.196.0>, connection: %Quic.Runtime.ConnectionHandle{id: #PID<0.236.0>, generation: #Reference<0.568639229.2531786753.102513>}, initialized: true}}]]
{"status": "PASS", "mode": "connection_close_isolation", "surviving_bytes": 1048576}
{"observations": {"retry_received": 0, "retry_dropped": 0, "token_changed": false}, "scenario": "normal"}
NETWORK_BASELINE_PASS
{"status": "PASS", "mode": "negative_handshake", "alpn": "other-alpn"}
[5b7d8caf4f953ca7] Error: 298, reason: unable to get local issuer certificate, frame_type: 6
{"status": "PASS", "mode": "negative_handshake", "alpn": "abyss-echo-v1"}
{"status": "PASS", "mode": "echo", "bytes": 1048576, "bidi": 5, "uni": 2, "server_single_write": 16384, "receive_after_fin": true}
{"observations": {"retry_received": 0, "retry_dropped": 0, "token_changed": false}, "scenario": "normal"}
SUSPENDED_LISTENER_WRITER_PROGRESS_PASS #Reference<0.1992709581.4141875204.174380>
{"status": "PASS", "mode": "echo", "bytes": 1048576, "bidi": 5, "uni": 2, "server_single_write": 16384, "receive_after_fin": true}
{"observations": {"retry_received": 1, "retry_dropped": 0, "token_changed": false}, "scenario": "normal"}
HOST_RETRY_EGRESS_PASS retry=1 sends=4258
NETWORK_FAULTS_PASS
{"status": "PASS", "mode": "opaque_controls", "reset": 74565, "stop": 344865, "close": 1118481}
{"observations": {"retry_received": 0, "retry_dropped": 0, "token_changed": false}, "scenario": "normal"}
CONTROL_PASS normal

11:45:28.238 [error] GenServer #PID<0.226.0> terminating
** (stop) {:event_poll_failed, {:unknown, #Reference<0.2589307911.4142399489.79847>}}
Last message: :poll
State: [data: [{~c"State", %{owner: #PID<0.219.0>, connection: %Quic.Runtime.ConnectionHandle{id: #PID<0.225.0>, generation: #Reference<0.2589307911.4142399494.26152>}, initialized: true}}]]
{"status": "PASS", "mode": "echo", "bytes": 1048576, "bidi": 5, "uni": 2, "server_single_write": 16384, "receive_after_fin": true}
{"observations": {"retry_received": 2, "retry_dropped": 1, "token_changed": false}, "scenario": "retry_loss"}
CONTROL_PASS retry_loss
{"status": "PASS", "mode": "negative_handshake", "alpn": "abyss-test-v1"}
CONTROL_PASS invalid_token
{"status": "PASS", "mode": "negative_handshake", "alpn": "abyss-test-v1"}
CONTROL_PASS expired_token

11:45:36.221 [error] GenServer #PID<0.221.0> terminating
** (stop) {:binding_failed, {:error, :deliberate_init_failure}}
Last message: :attach
State: [data: [{~c"State", %{owner: #PID<0.212.0>, connection: %Quic.Runtime.ConnectionHandle{id: #PID<0.219.0>, generation: #Reference<0.2755757835.3605004289.126766>}, initialized: false}}]]
CONSUMER_ISOLATION_PASS fail
{"status": "PASS", "mode": "handshake_hold"}
{"observations": {"retry_received": 0, "retry_dropped": 0, "token_changed": false}, "scenario": "normal"}
CONSUMER_ISOLATION_PASS crash

11:45:36.946 [error] GenServer #PID<0.231.0> terminating
** (RuntimeError) deliberate_consumer_crash
    /home/gao/Workspace/gsmlg-dev/abyss/scripts/phase1/lifecycle.exs:11: AbyssPhase1.FailingHandler.init/3
    (abyss 0.0.0) lib/abyss/quic/service.ex:453: anonymous fn/1 in Abyss.QUIC.Worker.handle_info/2
    (abyss 0.0.0) lib/abyss/quic/service.ex:547: Abyss.QUIC.Worker.watched/3
    (stdlib 7.3.0.1) gen_server.erl:2434: :gen_server.try_handle_info/3
    (stdlib 7.3.0.1) gen_server.erl:2420: :gen_server.handle_msg/3
    (stdlib 7.3.0.1) proc_lib.erl:333: :proc_lib.init_p_do_apply/3
Last message: :attach
State: [data: [{~c"State", %{owner: #PID<0.223.0>, connection: %Quic.Runtime.ConnectionHandle{id: #PID<0.230.0>, generation: #Reference<0.2755757835.3605004290.127432>}, initialized: false}}]]
{"status": "PASS", "mode": "handshake_hold"}
{"observations": {"retry_received": 0, "retry_dropped": 0, "token_changed": false}, "scenario": "normal"}
CONSUMER_ISOLATION_PASS timeout
{"status": "PASS", "mode": "handshake_hold"}
{"observations": {"retry_received": 0, "retry_dropped": 0, "token_changed": false}, "scenario": "normal"}

11:45:41.097 [error] GenServer #PID<0.222.0> terminating
** (stop) {:event_poll_failed, {:error, :closed}}
Last message: :poll
State: [data: [{~c"State", %{owner: #PID<0.196.0>, connection: %Quic.Runtime.ConnectionHandle{id: #PID<0.220.0>, generation: #Reference<0.2755757835.3605004294.130449>}, initialized: true}}]]
{"status": "PASS", "mode": "echo", "bytes": 1048576, "bidi": 5, "uni": 2, "server_single_write": 16384, "receive_after_fin": true}
{"observations": {"retry_received": 0, "retry_dropped": 0, "token_changed": false}, "scenario": "normal"}

11:45:41.695 [error] GenServer #PID<0.250.0> terminating
** (stop) {:write_failed, {:error, :closed}}
Last message: :poll
State: [data: [{~c"State", %{owner: #PID<0.242.0>, connection: %Quic.Runtime.ConnectionHandle{id: #PID<0.249.0>, generation: #Reference<0.2755757835.3605004290.131141>}, initialized: true}}]]

11:45:41.696 [error] GenServer #PID<0.242.0> terminating
** (stop) {:host_component_down, :killed}
Last message: {:EXIT, #PID<0.244.0>, :killed}
State: [data: [{~c"State", %{local: {{127, 0, 0, 1}, 39106}, port: 0, shutdown_timeout: 1000, socket: #Port<0.14>, callbacks: %{#PID<0.250.0> => {#Reference<0.2755757835.3605004290.131274>, #Reference<0.2755757835.3605004290.131278>}}, ip: {127, 0, 0, 1}, handler: AbyssEchoExample.Handler, workers: %{#Reference<0.2755757835.3605004290.131265> => %Quic.Runtime.ConnectionHandle{id: #PID<0.249.0>, generation: #Reference<0.2755757835.3605004290.131141>}}, writer: #PID<0.244.0>, receiver: #PID<0.247.0>, alpn: ["abyss-echo-v1"], backend: Quic, endpoint: #PID<0.245.0>, init_timeout: 5000, max_connections: 128, worker_refs: %{#PID<0.250.0> => #Reference<0.2755757835.3605004290.131265>}, admission: #PID<0.243.0>, callback_timeout: 5000, generation: #Reference<0.2755757835.3605004290.131095>, quic_options: [], event_batch: 32, writer_timeout: 1000, writer_max_queue: 128, writer_max_bytes: 1048576, poll_interval: 10}}]]
{"status": "PASS", "mode": "handshake_hold"}
{"observations": {"retry_received": 0, "retry_dropped": 0, "token_changed": false}, "scenario": "normal"}
{"status": "PASS", "mode": "echo", "bytes": 1048576, "bidi": 5, "uni": 2, "server_single_write": 16384, "receive_after_fin": true}
{"observations": {"retry_received": 0, "retry_dropped": 0, "token_changed": false}, "scenario": "normal"}
WRITER_DEATH_RESTART_PASS
NETWORK_LIFECYCLE_PASS
